../Core/Src/printf.c:272:38:get_bit_access	32	static
../Core/Src/printf.c:279:19:get_sign_bit	24	static
../Core/Src/printf.c:285:19:get_exp2	16	static
../Core/Src/printf.c:322:20:putchar_via_gadget	24	static
../Core/Src/printf.c:342:20:append_termination_with_gadget	24	static
../Core/Src/printf.c:356:20:putchar_wrapper	16	static
../Core/Src/printf.c:362:31:discarding_gadget	48	static
../Core/Src/printf.c:373:31:buffer_gadget	56	static
../Core/Src/printf.c:385:31:function_gadget	56	static
../Core/Src/printf.c:394:31:extern_putchar_gadget	16	static
../Core/Src/printf.c:403:29:strnlen_s_	24	static
../Core/Src/printf.c:413:20:is_digit_	16	static
../Core/Src/printf.c:420:22:atou_	24	static
../Core/Src/printf.c:431:13:out_rev_	32	static
../Core/Src/printf.c:458:13:print_integer_finalization	40	static
../Core/Src/printf.c:525:13:print_integer	96	static
../Core/Src/printf.c:580:33:get_components	120	static
../Core/Src/printf.c:621:15:apply_scaling	40	static
../Core/Src/printf.c:626:15:unapply_scaling	40	static
../Core/Src/printf.c:639:30:update_normalization	72	static
../Core/Src/printf.c:663:33:get_normalized_components	176	static
../Core/Src/printf.c:704:13:print_broken_up_decimal	32	static
../Core/Src/printf.c:787:13:print_decimal_number	88	static
../Core/Src/printf.c:797:12:bastardized_floor	24	static
../Core/Src/printf.c:806:15:log10_of_positive	56	static
../Core/Src/printf.c:839:15:pow10_of_int	72	static
../Core/Src/printf.c:857:13:print_exponential_number	216	static
../Core/Src/printf.c:971:13:print_floating_point	80	static
../Core/Src/printf.c:1024:23:parse_flags	24	static
../Core/Src/printf.c:1039:20:format_string_loop	200	static
../Core/Src/printf.c:1352:12:vsnprintf_impl	24	static
../Core/Src/printf.c:1367:5:vprintf_	40	static
../Core/Src/printf.c:1373:5:vsnprintf_	48	static
../Core/Src/printf.c:1379:5:vsprintf_	24	static
../Core/Src/printf.c:1384:5:vfctprintf	48	static
../Core/Src/printf.c:1390:5:printf_	16	static
../Core/Src/printf.c:1399:5:sprintf_	28	static
../Core/Src/printf.c:1408:5:snprintf_	24	static
../Core/Src/printf.c:1417:5:fctprintf	24	static
